// Jest Snapshot v1, https://goo.gl/fbAQLP

exports[`Lambda handler function should match snapshot 1`] = `
Object {
  "name": "Unit testing Lambda locally",
}
`;
